[debug] [2025-11-13T03:23:10.489Z] ----------------------------------------------------------------------
[debug] [2025-11-13T03:23:10.493Z] Command:       /usr/local/bin/firebase /Users/deadhack/.cache/firebase/tools/lib/node_modules/firebase-tools/lib/bin/firebase init hosting
[debug] [2025-11-13T03:23:10.493Z] CLI Version:   14.24.2
[debug] [2025-11-13T03:23:10.493Z] Platform:      darwin
[debug] [2025-11-13T03:23:10.493Z] Node Version:  v20.18.2
[debug] [2025-11-13T03:23:10.494Z] Time:          Wed Nov 12 2025 22:23:10 GMT-0500 (Eastern Standard Time)
[debug] [2025-11-13T03:23:10.494Z] ----------------------------------------------------------------------
[debug] 
[info] 
     ######## #### ########  ######## ########     ###     ######  ########
     ##        ##  ##     ## ##       ##     ##  ##   ##  ##       ##
     ######    ##  ########  ######   ########  #########  ######  ######
     ##        ##  ##    ##  ##       ##     ## ##     ##       ## ##
     ##       #### ##     ## ######## ########  ##     ##  ######  ########

You're about to initialize a Firebase project in this directory:

  /Users/deadhack/StudioProjects/rohan_portfolio_website

[info] 
=== Project Setup
[info] 
[info] First, let's associate this project directory with a Firebase project.
[info] You can create multiple project aliases by running firebase use --add, 
[info] 
[debug] [2025-11-13T03:23:11.434Z] > command requires scopes: ["email","openid","https://www.googleapis.com/auth/cloudplatformprojects.readonly","https://www.googleapis.com/auth/firebase","https://www.googleapis.com/auth/cloud-platform"]
[debug] [2025-11-13T03:23:11.438Z] > authorizing via signed-in user (developerrohan01@gmail.com)
[debug] [2025-11-13T03:23:11.444Z] Checked if tokens are valid: true, expires at: 1763007783100
[debug] [2025-11-13T03:23:11.444Z] Checked if tokens are valid: true, expires at: 1763007783100
[debug] [2025-11-13T03:23:11.446Z] >>> [apiv2][query] GET https://firebase.googleapis.com/v1beta1/projects pageSize=100
[debug] [2025-11-13T03:23:11.932Z] <<< [apiv2][status] GET https://firebase.googleapis.com/v1beta1/projects 200
[debug] [2025-11-13T03:23:11.933Z] <<< [apiv2][body] GET https://firebase.googleapis.com/v1beta1/projects [omitted]
[debug] [2025-11-13T03:23:28.607Z] ExitPromptError: User force closed the prompt with SIGINT
    at Interface.sigint (/Users/deadhack/.cache/firebase/tools/lib/node_modules/@inquirer/core/dist/commonjs/lib/create-prompt.js:101:37)
    at Interface.emit (node:events:518:28)
    at Interface.emit (node:domain:489:12)
    at [_ttyWrite] [as _ttyWrite] (node:internal/readline/interface:1125:18)
    at ReadStream.onkeypress (node:internal/readline/interface:264:20)
    at ReadStream.emit (node:events:530:35)
    at ReadStream.emit (node:domain:489:12)
    at emitKeys (node:internal/readline/utils:371:14)
    at emitKeys.next (<anonymous>)
    at ReadStream.onData (node:internal/readline/emitKeypressEvents:64:36)
[error] 
[error] Error: An unexpected error has occurred.
[debug] [2025-11-13T03:23:35.157Z] ----------------------------------------------------------------------
[debug] [2025-11-13T03:23:35.160Z] Command:       /usr/local/bin/firebase /Users/deadhack/.cache/firebase/tools/lib/node_modules/firebase-tools/lib/bin/firebase init hosting
[debug] [2025-11-13T03:23:35.161Z] CLI Version:   14.24.2
[debug] [2025-11-13T03:23:35.161Z] Platform:      darwin
[debug] [2025-11-13T03:23:35.161Z] Node Version:  v20.18.2
[debug] [2025-11-13T03:23:35.161Z] Time:          Wed Nov 12 2025 22:23:35 GMT-0500 (Eastern Standard Time)
[debug] [2025-11-13T03:23:35.162Z] ----------------------------------------------------------------------
[debug] 
[info] 
     ######## #### ########  ######## ########     ###     ######  ########
     ##        ##  ##     ## ##       ##     ##  ##   ##  ##       ##
     ######    ##  ########  ######   ########  #########  ######  ######
     ##        ##  ##    ##  ##       ##     ## ##     ##       ## ##
     ##       #### ##     ## ######## ########  ##     ##  ######  ########

You're about to initialize a Firebase project in this directory:

  /Users/deadhack/StudioProjects/rohan_portfolio_website

[info] 
=== Project Setup
[info] 
[info] First, let's associate this project directory with a Firebase project.
[info] You can create multiple project aliases by running firebase use --add, 
[info] 
[info] i  If you want to create a project in a Google Cloud organization or folder, please use "firebase projects:create" instead, and return to this command when you've created the project. 
[debug] [2025-11-13T03:23:40.098Z] > command requires scopes: ["email","openid","https://www.googleapis.com/auth/cloudplatformprojects.readonly","https://www.googleapis.com/auth/firebase","https://www.googleapis.com/auth/cloud-platform"]
[debug] [2025-11-13T03:23:40.100Z] > authorizing via signed-in user (developerrohan01@gmail.com)
[debug] [2025-11-13T03:24:18.585Z] Checked if tokens are valid: true, expires at: 1763007783100
[debug] [2025-11-13T03:24:18.594Z] Checked if tokens are valid: true, expires at: 1763007783100
[debug] [2025-11-13T03:24:18.598Z] >>> [apiv2][query] POST https://firebase.googleapis.com/v1/projects:checkProjectId [none]
[debug] [2025-11-13T03:24:18.598Z] >>> [apiv2][body] POST https://firebase.googleapis.com/v1/projects:checkProjectId {"proposedId":"rohan_portfolio_website"}
[debug] [2025-11-13T03:24:18.797Z] <<< [apiv2][status] POST https://firebase.googleapis.com/v1/projects:checkProjectId 400
[debug] [2025-11-13T03:24:18.797Z] <<< [apiv2][body] POST https://firebase.googleapis.com/v1/projects:checkProjectId {"error":{"code":400,"message":"Request contains an invalid argument.","status":"INVALID_ARGUMENT"}}
[debug] [2025-11-13T03:24:18.799Z] Couldn't check if project ID rohan_portfolio_website is available. Original error: FirebaseError: Failed to check if project ID is available. See firebase-debug.log for more info.
[debug] [2025-11-13T03:24:24.076Z] Checked if tokens are valid: true, expires at: 1763007783100
[debug] [2025-11-13T03:24:24.077Z] Checked if tokens are valid: true, expires at: 1763007783100
[debug] [2025-11-13T03:24:24.078Z] >>> [apiv2][query] POST https://cloudresourcemanager.googleapis.com/v1/projects [none]
[debug] [2025-11-13T03:24:24.078Z] >>> [apiv2][body] POST https://cloudresourcemanager.googleapis.com/v1/projects {"projectId":"rohan_portfolio_website","name":"rohan_portfolio_website"}
[debug] [2025-11-13T03:24:24.268Z] <<< [apiv2][status] POST https://cloudresourcemanager.googleapis.com/v1/projects 400
[debug] [2025-11-13T03:24:24.268Z] <<< [apiv2][body] POST https://cloudresourcemanager.googleapis.com/v1/projects {"error":{"code":400,"message":"Request contains an invalid argument.","status":"INVALID_ARGUMENT","details":[{"@type":"type.googleapis.com/google.rpc.BadRequest","fieldViolations":[{"field":"project_id","description":"project_id contains invalid characters"},{"field":"display_name","description":"project display name contains invalid characters"}]},{"@type":"type.googleapis.com/google.rpc.Help","links":[{"url":"https://cloud.google.com/resource-manager/reference/rest/v1/projects"}]}]}}
[debug] [2025-11-13T03:24:24.366Z] FirebaseError: Request to https://cloudresourcemanager.googleapis.com/v1/projects had HTTP Error: 400, Request contains an invalid argument.
    at responseToError (/Users/deadhack/.cache/firebase/tools/lib/node_modules/firebase-tools/lib/responseToError.js:53:12)
    at RetryOperation._fn (/Users/deadhack/.cache/firebase/tools/lib/node_modules/firebase-tools/lib/apiv2.js:322:77)
    at process.processTicksAndRejections (node:internal/process/task_queues:95:5)
[error] 
[error] Error: Failed to create project. See firebase-debug.log for more info.
